******************************************************************************
                  TI ARM Linker PC v16.9.6                     
******************************************************************************
>> Linked Wed Jan 17 13:50:17 2018

OUTPUT FILE NAME:   <helloworld.out>
ENTRY POINT SYMBOL: "_c_int00"  address: 00002339


MEMORY CONFIGURATION

         name            origin    length      used     unused   attr    fill
----------------------  --------  ---------  --------  --------  ----  --------
  FLASH                 00000000   00040000  000027b1  0003d84f  R  X
  SRAM                  20000000   00008000  00001070  00006f90  RW X


SEGMENT ALLOCATION MAP

run origin  load origin   length   init length attrs members
----------  ----------- ---------- ----------- ----- -------
00000000    00000000    000027b8   000027b8    r-x
  00000000    00000000    0000026c   0000026c    r-- .intvecs
  0000026c    0000026c    000023e2   000023e2    r-x .text
  0000264e    0000264e    0000012b   0000012b    r-- .const
  00002780    00002780    00000038   00000038    r-- .cinit
20000000    20000000    00001070   00000000    rw-
  20000000    20000000    00001000   00000000    rw- .stack
  20001000    20001000    00000054   00000000    rw- .bss
  20001054    20001054    0000001c   00000000    rw- .data


SECTION ALLOCATION MAP

 output                                  attributes/
section   page    origin      length       input sections
--------  ----  ----------  ----------   ----------------
.intvecs   0    00000000    0000026c     
                  00000000    0000026c     tm4c123gh6pm_startup_ccs.obj (.intvecs)

.text      0    0000026c    000023e2     
                  0000026c    0000113e     rtsv7M4_T_le_v4SPD16_eabi.lib : _printfi.obj (.text)
                  000013aa    00000002                                   : mpu_init.obj (.text)
                  000013ac    000002e8     lcd.obj (.text)
                  00001694    000001f4     rtsv7M4_T_le_v4SPD16_eabi.lib : ull_div_t2.obj (.text)
                  00001888    000001b6                                   : fd_add_t2.obj (.text)
                  00001a3e    00000002                                   : startup.obj (.text)
                  00001a40    00000158     Timer.obj (.text)
                  00001b98    00000136     rtsv7M4_T_le_v4SPD16_eabi.lib : fd_div_t2.obj (.text)
                  00001cce    000000fc                                   : fd_mul_t2.obj (.text)
                  00001dca    00000002     --HOLE-- [fill = 0]
                  00001dcc    000000fc                                   : s_scalbn.obj (.text)
                  00001ec8    0000009c                                   : memcpy_t2.obj (.text)
                  00001f64    00000088     helloworld.obj (.text)
                  00001fec    00000088     rtsv7M4_T_le_v4SPD16_eabi.lib : vsnprintf.obj (.text)
                  00002074    00000086                                   : fd_cmp_t2.obj (.text:__aeabi_cdcmple)
                  000020fa    00000086                                   : fd_cmp_t2.obj (.text:__aeabi_cdrcmple)
                  00002180    0000007a                                   : memset_t2.obj (.text)
                  000021fa    00000002     --HOLE-- [fill = 0]
                  000021fc    00000070                                   : autoinit.obj (.text)
                  0000226c    00000068                                   : copy_decompress_lzss.obj (.text:decompress:lzss)
                  000022d4    00000064                                   : s_frexp.obj (.text)
                  00002338    00000054                                   : boot.obj (.text)
                  0000238c    00000054                                   : exit.obj (.text)
                  000023e0    00000054                                   : ltoa.obj (.text)
                  00002434    0000004c                                   : atoi.obj (.text)
                  00002480    0000004c                                   : cpy_tbl.obj (.text)
                  000024cc    00000048                                   : fd_toi_t2.obj (.text)
                  00002514    0000002e                                   : i_tofd_t2.obj (.text)
                  00002542    0000001e                                   : strcat.obj (.text)
                  00002560    0000001c                                   : memccpy.obj (.text)
                  0000257c    00000018                                   : args_main.obj (.text)
                  00002594    00000018                                   : strcmp.obj (.text)
                  000025ac    00000016                                   : strchr.obj (.text)
                  000025c2    00000002     --HOLE-- [fill = 0]
                  000025c4    00000014                                   : _lock.obj (.text)
                  000025d8    00000014                                   : s_copysign.obj (.text)
                  000025ec    00000014                                   : strcpy.obj (.text)
                  00002600    00000014                                   : strlen.obj (.text)
                  00002614    00000010     lcd.obj (.text:lcd_clear)
                  00002624    0000000e     rtsv7M4_T_le_v4SPD16_eabi.lib : copy_decompress_none.obj (.text:decompress:none)
                  00002632    0000000c                                   : copy_zero_init.obj (.text:decompress:ZI)
                  0000263e    0000000c     tm4c123gh6pm_startup_ccs.obj (.text)
                  0000264a    00000004     rtsv7M4_T_le_v4SPD16_eabi.lib : pre_init.obj (.text)

.const     0    0000264e    0000012b     
                  0000264e    00000101     rtsv7M4_T_le_v4SPD16_eabi.lib : ctype.obj (.const:.string:_ctypes_)
                  0000274f    00000022     helloworld.obj (.const:.string:$P$T0$1)
                  00002771    00000004     lcd.obj (.const:.string:lineAddress$1)
                  00002775    00000004     lcd.obj (.const:.string:lineAddresses$2)

.cinit     0    00002780    00000038     
                  00002780    00000011     (.cinit..data.load) [load image, compression = lzss]
                  00002791    00000003     --HOLE-- [fill = 0]
                  00002794    0000000c     (__TI_handler_table)
                  000027a0    00000008     (.cinit..bss.load) [load image, compression = zero_init]
                  000027a8    00000010     (__TI_cinit_table)

.init_array 
*          0    00000000    00000000     UNINITIALIZED

.stack     0    20000000    00001000     UNINITIALIZED
                  20000000    00001000     --HOLE--

.bss       0    20001000    00000054     UNINITIALIZED
                  20001000    00000054     lcd.obj (.bss:lastbuffer$3)

.data      0    20001054    0000001c     UNINITIALIZED
                  20001054    0000000c     rtsv7M4_T_le_v4SPD16_eabi.lib : exit.obj (.data:$O1$$)
                  20001060    00000008                                   : _lock.obj (.data:$O1$$)
                  20001068    00000004                                   : errno.obj (.data)
                  2000106c    00000004                                   : stkdepth_vars.obj (.data)

MODULE SUMMARY

       Module                         code   ro data   rw data
       ------                         ----   -------   -------
    .\
       lcd.obj                        760    8         84     
       tm4c123gh6pm_startup_ccs.obj   12     620       0      
       Timer.obj                      344    0         0      
       helloworld.obj                 136    34        0      
    +--+------------------------------+------+---------+---------+
       Total:                         1252   662       84     
                                                              
    C:\ti\ccsv7\tools\compiler\ti-cgt-arm_16.9.6.LTS\lib\rtsv7M4_T_le_v4SPD16_eabi.lib
       _printfi.obj                   4414   0         0      
       ull_div_t2.obj                 500    0         0      
       fd_add_t2.obj                  438    0         0      
       fd_div_t2.obj                  310    0         0      
       fd_cmp_t2.obj                  268    0         0      
       ctype.obj                      0      257       0      
       fd_mul_t2.obj                  252    0         0      
       s_scalbn.obj                   252    0         0      
       memcpy_t2.obj                  156    0         0      
       vsnprintf.obj                  136    0         0      
       memset_t2.obj                  122    0         0      
       autoinit.obj                   112    0         0      
       copy_decompress_lzss.obj       104    0         0      
       s_frexp.obj                    100    0         0      
       exit.obj                       84     0         12     
       boot.obj                       84     0         0      
       ltoa.obj                       84     0         0      
       atoi.obj                       76     0         0      
       cpy_tbl.obj                    76     0         0      
       fd_toi_t2.obj                  72     0         0      
       i_tofd_t2.obj                  46     0         0      
       strcat.obj                     30     0         0      
       _lock.obj                      20     0         8      
       memccpy.obj                    28     0         0      
       args_main.obj                  24     0         0      
       strcmp.obj                     24     0         0      
       strchr.obj                     22     0         0      
       s_copysign.obj                 20     0         0      
       strcpy.obj                     20     0         0      
       strlen.obj                     20     0         0      
       copy_decompress_none.obj       14     0         0      
       copy_zero_init.obj             12     0         0      
       errno.obj                      0      0         4      
       pre_init.obj                   4      0         0      
       stkdepth_vars.obj              0      0         4      
       mpu_init.obj                   2      0         0      
       startup.obj                    2      0         0      
    +--+------------------------------+------+---------+---------+
       Total:                         7928   257       28     
                                                              
       Stack:                         0      0         4096   
       Linker Generated:              0      53        0      
    +--+------------------------------+------+---------+---------+
       Grand Total:                   9180   972       4208   


LINKER GENERATED COPY TABLES

__TI_cinit_table @ 000027a8 records: 2, size/record: 8, table size: 16
	.data: load addr=00002780, load size=00000011 bytes, run addr=20001054, run size=0000001c bytes, compression=lzss
	.bss: load addr=000027a0, load size=00000008 bytes, run addr=20001000, run size=00000054 bytes, compression=zero_init


LINKER GENERATED HANDLER TABLE

__TI_handler_table @ 00002794 records: 3, size/record: 4, table size: 12
	index: 0, handler: __TI_decompress_lzss
	index: 1, handler: __TI_decompress_none
	index: 2, handler: __TI_zero_init


GLOBAL SYMBOLS: SORTED ALPHABETICALLY BY Name 

address   name                           
-------   ----                           
0000238d  C$$EXIT                        
0000263f  ResetISR                       
UNDEFED   SHT$$INIT_ARRAY$$Base          
UNDEFED   SHT$$INIT_ARRAY$$Limit         
20001000  __STACK_END                    
00001000  __STACK_SIZE                   
20000200  __STACK_TOP                    
000027a8  __TI_CINIT_Base                
000027b8  __TI_CINIT_Limit               
00002794  __TI_Handler_Table_Base        
000027a0  __TI_Handler_Table_Limit       
000021fd  __TI_auto_init                 
20001054  __TI_cleanup_ptr               
0000226d  __TI_decompress_lzss           
00002625  __TI_decompress_none           
20001058  __TI_dtors_ptr                 
2000105c  __TI_enable_exit_profile_output
ffffffff  __TI_pprof_out_hndl            
00000ab1  __TI_printfi                   
ffffffff  __TI_prof_data_size            
ffffffff  __TI_prof_data_start           
00000000  __TI_static_base__             
00002633  __TI_zero_init                 
00002075  __aeabi_cdcmpeq                
00002075  __aeabi_cdcmple                
000020fb  __aeabi_cdrcmple               
000024cd  __aeabi_d2iz                   
00001893  __aeabi_dadd                   
00001b99  __aeabi_ddiv                   
00001ccf  __aeabi_dmul                   
00001889  __aeabi_dsub                   
00002515  __aeabi_i2d                    
00002181  __aeabi_memclr                 
00002181  __aeabi_memclr4                
00002181  __aeabi_memclr8                
00001ec9  __aeabi_memcpy                 
00001ec9  __aeabi_memcpy4                
00001ec9  __aeabi_memcpy8                
00002183  __aeabi_memset                 
00002183  __aeabi_memset4                
00002183  __aeabi_memset8                
00001695  __aeabi_uldivmod               
ffffffff  __binit__                      
ffffffff  __c_args__                     
000013ab  __mpu_init                     
20000000  __stack                        
0000257d  _args_main                     
00002339  _c_int00                       
0000264e  _ctypes_                       
20001060  _lock                          
000025d3  _nop                           
000025cb  _register_lock                 
000025c5  _register_unlock               
00001a3f  _system_post_cinit             
0000264b  _system_pre_init               
20001064  _unlock                        
00002391  abort                          
00002435  atoi                           
ffffffff  binit                          
00002481  copy_in                        
000025d9  copysign                       
000025d9  copysignl                      
20001068  errno                          
00002399  exit                           
000022d5  frexp                          
000022d5  frexpl                         
00000000  g_pfnVectors                   
00002615  lcd_clear                      
00001541  lcd_gotoLine                   
000013ad  lcd_init                       
000015a7  lcd_printf                     
00001469  lcd_putc                       
000014a1  lcd_puts                       
000014bf  lcd_sendCommand                
000014fd  lcd_sendNibble                 
00001569  lcd_setCursorPos               
00001dcd  ldexp                          
00001dcd  ldexpl                         
000023e1  ltoa                           
00001f65  main                           
2000106c  main_func_sp                   
00002561  memccpy                        
00001ec9  memcpy                         
00002189  memset                         
00001dcd  scalbn                         
00001dcd  scalbnl                        
00002543  strcat                         
000025ad  strchr                         
00002595  strcmp                         
000025ed  strcpy                         
00002601  strlen                         
00001b51  timer_getClock                 
00001b05  timer_startClock               
00001a9f  timer_startTimer               
00001b57  timer_stopClock                
00001aef  timer_stopTimer                
00001a75  timer_waitMicros               
00001a41  timer_waitMillis               
00001fed  vsnprintf                      


GLOBAL SYMBOLS: SORTED BY Symbol Address 

address   name                           
-------   ----                           
00000000  __TI_static_base__             
00000000  g_pfnVectors                   
00000ab1  __TI_printfi                   
00001000  __STACK_SIZE                   
000013ab  __mpu_init                     
000013ad  lcd_init                       
00001469  lcd_putc                       
000014a1  lcd_puts                       
000014bf  lcd_sendCommand                
000014fd  lcd_sendNibble                 
00001541  lcd_gotoLine                   
00001569  lcd_setCursorPos               
000015a7  lcd_printf                     
00001695  __aeabi_uldivmod               
00001889  __aeabi_dsub                   
00001893  __aeabi_dadd                   
00001a3f  _system_post_cinit             
00001a41  timer_waitMillis               
00001a75  timer_waitMicros               
00001a9f  timer_startTimer               
00001aef  timer_stopTimer                
00001b05  timer_startClock               
00001b51  timer_getClock                 
00001b57  timer_stopClock                
00001b99  __aeabi_ddiv                   
00001ccf  __aeabi_dmul                   
00001dcd  ldexp                          
00001dcd  ldexpl                         
00001dcd  scalbn                         
00001dcd  scalbnl                        
00001ec9  __aeabi_memcpy                 
00001ec9  __aeabi_memcpy4                
00001ec9  __aeabi_memcpy8                
00001ec9  memcpy                         
00001f65  main                           
00001fed  vsnprintf                      
00002075  __aeabi_cdcmpeq                
00002075  __aeabi_cdcmple                
000020fb  __aeabi_cdrcmple               
00002181  __aeabi_memclr                 
00002181  __aeabi_memclr4                
00002181  __aeabi_memclr8                
00002183  __aeabi_memset                 
00002183  __aeabi_memset4                
00002183  __aeabi_memset8                
00002189  memset                         
000021fd  __TI_auto_init                 
0000226d  __TI_decompress_lzss           
000022d5  frexp                          
000022d5  frexpl                         
00002339  _c_int00                       
0000238d  C$$EXIT                        
00002391  abort                          
00002399  exit                           
000023e1  ltoa                           
00002435  atoi                           
00002481  copy_in                        
000024cd  __aeabi_d2iz                   
00002515  __aeabi_i2d                    
00002543  strcat                         
00002561  memccpy                        
0000257d  _args_main                     
00002595  strcmp                         
000025ad  strchr                         
000025c5  _register_unlock               
000025cb  _register_lock                 
000025d3  _nop                           
000025d9  copysign                       
000025d9  copysignl                      
000025ed  strcpy                         
00002601  strlen                         
00002615  lcd_clear                      
00002625  __TI_decompress_none           
00002633  __TI_zero_init                 
0000263f  ResetISR                       
0000264b  _system_pre_init               
0000264e  _ctypes_                       
00002794  __TI_Handler_Table_Base        
000027a0  __TI_Handler_Table_Limit       
000027a8  __TI_CINIT_Base                
000027b8  __TI_CINIT_Limit               
20000000  __stack                        
20000200  __STACK_TOP                    
20001000  __STACK_END                    
20001054  __TI_cleanup_ptr               
20001058  __TI_dtors_ptr                 
2000105c  __TI_enable_exit_profile_output
20001060  _lock                          
20001064  _unlock                        
20001068  errno                          
2000106c  main_func_sp                   
ffffffff  __TI_pprof_out_hndl            
ffffffff  __TI_prof_data_size            
ffffffff  __TI_prof_data_start           
ffffffff  __binit__                      
ffffffff  __c_args__                     
ffffffff  binit                          
UNDEFED   SHT$$INIT_ARRAY$$Base          
UNDEFED   SHT$$INIT_ARRAY$$Limit         

[99 symbols]
